<html>
<body>
<pre>
<h1>µVision Build Log</h1>
<h2>Project:</h2>
D:\WorkSpace\NFC_Project\NFC\NFC.uvproj
Project File Date:  03/18/2016

<h2>Output:</h2>
Build target 'NFC'
compiling main.c...
user\main.c(26): warning:  #177-D: variable "SBUFF" was declared but never referenced
        uint16_t SBUFF[2];
user\main.c: 1 warning, 0 errors
compiling nfc.c...
nfc.c: Error:  #5: cannot open source input file "nfc.c": No such file or directory
nfc.c: 0 warnings, 1 error
".\debug\NFC.axf" - 1 Error(s), 1 Warning(s).
Target not created
compiling main.c...
user\main.c(26): warning:  #177-D: variable "SBUFF" was declared but never referenced
        uint16_t SBUFF[2];
user\main.c: 1 warning, 0 errors
"user\main.c" - 0 Error(s), 1 Warning(s).
.c...
compiling stm32f0xx_tim.c...
compiling stm32f0xx_usart.c...
compiling stm32f0xx_wwdg.c...
compiling system_stm32f0xx.c...
compiling main.c...
user\main.c(26): warning:  #177-D: variable "SBUFF" was declared but never referenced
        uint16_t SBUFF[2];
user\main.c: 1 warning, 0 errors
compiling cmd.c...
compiling delay.c...
linking...
Program Size: Code=5380 RO-data=212 RW-data=44 ZI-data=1708  
FromELF: creating hex file...
".\debug\NFC.axf" - 0 Error(s), 1 Warning(s).
Load "D:\\WorkSpace\\NFC_Project\\NFC\\debug\\NFC.axf" 
Set JLink Project File to "D:\WorkSpace\NFC_Project\NFC\JLinkSettings.ini"
* JLink Info: Device "STM32F030F4" selected (16 KB flash, 4 KB RAM).
 
JLink info:
------------
DLL: V4.80g, compiled Feb 13 2014 20:50:02
Firmware: J-Link ARM V8 compiled Jul 17 2014 12:31:18
Hardware: V8.00
S/N : 799713843 
Feature(s) : RDI,FlashDL,FlashBP,JFlash,GDBFULL 
 
* JLink Info: Found SWD-DP with ID 0x0BB11477
* JLink Info: Found SWD-DP with ID 0x0BB11477
* JLink Info: Found Cortex-M0 r0p0, Little endian.
* JLink Info: FPUnit: 4 code (BP) slots and 0 literal slots
ROMTableAddr = 0xE00FF003
 
Target info:
------------
Device: STM32F030F4
VTarget = 3.254V
State of Pins: 
TCK: 0, TDI: 0, TDO: 0, TMS: 1, TRES: 1, TRST: 1
Hardware-Breakpoints: 4
Software-Breakpoints: 8192
Watchpoints:          2
JTAG speed: 1000 kHz
 
Erase Done.
Programming Done.
Verify OK.
Application running ...
g ...
chpoints:          2
JTAG speed: 1000 kHz
 
Erase Done.
Programming Done.
Verify OK.
Application running ...
