<html>
<body>
<pre>
<h1>µVision Build Log</h1>
<h2>Project:</h2>
D:\WorkSpace\NFC_Project\NFC\NFC.uvproj
Project File Date:  03/16/2016

<h2>Output:</h2>
Build target 'NFC'
linking...
Program Size: Code=1184 RO-data=212 RW-data=20 ZI-data=1636  
FromELF: creating hex file...
".\debug\NFC.axf" - 0 Error(s), 0 Warning(s).
</pre>
</body>
</html>
ling main.c...
"user\main.c" - 0 Error(s), 0 Warning(s).
xx_dma.c...
compiling stm32f0xx_exti.c...
compiling stm32f0xx_flash.c...
compiling stm32f0xx_gpio.c...
compiling stm32f0xx_i2c.c...
compiling stm32f0xx_iwdg.c...
compiling stm32f0xx_misc.c...
compiling stm32f0xx_pwr.c...
compiling stm32f0xx_rcc.c...
compiling stm32f0xx_rtc.c...
compiling stm32f0xx_spi.c...
compiling stm32f0xx_syscfg.c...
compiling stm32f0xx_tim.c...
compiling stm32f0xx_usart.c...
compiling stm32f0xx_wwdg.c...
compiling system_stm32f0xx.c...
compiling main.c...
linking...
Program Size: Code=1184 RO-data=212 RW-data=20 ZI-data=1636  
FromELF: creating hex file...
".\debug\NFC.axf" - 0 Error(s), 0 Warning(s).
\NFC.axf" - 1 Error(s), 0 Warning(s).
Target not created
PH(ADCx));
src\stm32f0xx_adc.c(435): warning:  #223-D: function "assert_param" declared implicitly
    assert_param(IS_ADC_ALL_PERIPH(ADCx));
src\stm32f0xx_adc.c(477): warning:  #223-D: function "assert_param" declared implicitly
    assert_param(IS_ADC_ALL_PERIPH(ADCx));
src\stm32f0xx_adc.c(503): warning:  #223-D: function "assert_param" declared implicitly
    assert_param(IS_ADC_ALL_PERIPH(ADCx));
src\stm32f0xx_adc.c(555): warning:  #223-D: function "assert_param" declared implicitly
    assert_param(IS_FUNCTIONAL_STATE(NewState));
src\stm32f0xx_adc.c(578): warning:  #223-D: function "assert_param" declared implicitly
    assert_param(IS_FUNCTIONAL_STATE(NewState));
src\stm32f0xx_adc.c(601): warning:  #223-D: function "assert_param" declared implicitly
    assert_param(IS_FUNCTIONAL_STATE(NewState));
src\stm32f0xx_adc.c(697): warning:  #223-D: function "assert_param" declared implicitly
    assert_param(IS_ADC_ALL_PERIPH(ADCx));
src\stm32f0xx_adc.c(727): warning:  #223-D: function "assert_param" declared implicitly
    assert_param(IS_ADC_ALL_PERIPH(ADCx));
src\stm32f0xx_adc.c(755): warning:  #223-D: function "assert_param" declared implicitly
    assert_param(IS_ADC_ALL_PERIPH(ADCx));
src\stm32f0xx_adc.c(780): warning:  #223-D: function "assert_param" declared implicitly
    assert_param(IS_ADC_ALL_PERIPH(ADCx));
src\stm32f0xx_adc.c(807): warning:  #223-D: function "assert_param" declared implicitly
    assert_param(IS_ADC_ALL_PERIPH(ADCx));
src\stm32f0xx_adc.c(842): warning:  #223-D: function "assert_param" declared implicitly
    assert_param(IS_ADC_ALL_PERIPH(ADCx));
src\stm32f0xx_adc.c(857): warning:  #223-D: function "assert_param" declared implicitly
    assert_param(IS_ADC_ALL_PERIPH(ADCx));
src\stm32f0xx_adc.c(870): warning:  #223-D: function "assert_param" declared implicitly
    assert_param(IS_ADC_ALL_PERIPH(ADCx));
src\stm32f0xx_adc.c(914): warning:  #223-D: function "assert_param" declared implicitly
    assert_param(IS_ADC_ALL_PERIPH(ADCx));
src\stm32f0xx_adc.c(941): warning:  #223-D: function "assert_param" declared implicitly
    assert_param(IS_ADC_ALL_PERIPH(ADCx));
src\stm32f0xx_adc.c(1049): warning:  #223-D: function "assert_param" declared implicitly
    assert_param(IS_ADC_ALL_PERIPH(ADCx));
src\stm32f0xx_adc.c(1089): warning:  #223-D: function "assert_param" declared implicitly
    assert_param(IS_ADC_ALL_PERIPH(ADCx));
src\stm32f0xx_adc.c(1132): warning:  #223-D: function "assert_param" declared implicitly
    assert_param(IS_ADC_ALL_PERIPH(ADCx));
src\stm32f0xx_adc.c(1158): warning:  #223-D: function "assert_param" declared implicitly
    assert_param(IS_ADC_ALL_PERIPH(ADCx));
src\stm32f0xx_adc.c(1195): warning:  #223-D: function "assert_param" declared implicitly
    assert_param(IS_ADC_ALL_PERIPH(ADCx));
src\stm32f0xx_adc.c: 28 warnings, 0 errors
compiling stm32f0xx_cec.c...
src\stm32f0xx_cec.c(163): warning:  #223-D: function "assert_param" declared implicitly
    assert_param(IS_CEC_SIGNAL_FREE_TIME(CEC_InitStruct->CEC_SignalFreeTime));
src\stm32f0xx_cec.c(212): warning:  #223-D: function "assert_param" declared implicitly
    assert_param(IS_FUNCTIONAL_STATE(NewState));
src\stm32f0xx_cec.c(234): warning:  #223-D: function "assert_param" declared implicitly
    assert_param(IS_FUNCTIONAL_STATE(NewState));
src\stm32f0xx_cec.c(257): warning:  #223-D: function "assert_param" declared implicitly
    assert_param(IS_CEC_ADDRESS(CEC_OwnAddress));
src\stm32f0xx_cec.c(433): warning:  #223-D: function "assert_param" declared implicitly
    assert_param(IS_FUNCTIONAL_STATE(NewState));
src\stm32f0xx_cec.c(472): warning:  #223-D: function "assert_param" declared implicitly
    assert_param(IS_CEC_GET_FLAG(CEC_FLAG));
src\stm32f0xx_cec.c(511): warning:  #223-D: function "assert_param" declared implicitly
    assert_param(IS_CEC_CLEAR_FLAG(CEC_FLAG));
src\stm32f0xx_cec.c(542): warning:  #223-D: function "assert_param" declared implicitly
    assert_param(IS_CEC_GET_IT(CEC_IT));
src\stm32f0xx_cec.c(584): warning:  #223-D: function "assert_param" declared implicitly
    assert_param(IS_CEC_IT(CEC_IT));
src\stm32f0xx_cec.c: 9 warnings, 0 errors
compiling stm32f0xx_comp.c...
src\stm32f0xx_comp.c(168): warning:  #223-D: function "assert_param" declared implicitly
    assert_param(IS_COMP_ALL_PERIPH(COMP_Selection));
src\stm32f0xx_comp.c(230): warning:  #223-D: function "assert_param" declared implicitly
    assert_param(IS_COMP_ALL_PERIPH(COMP_Selection));
src\stm32f0xx_comp.c(258): warning:  #223-D: function "assert_param" declared implicitly
    assert_param(IS_FUNCTIONAL_STATE(NewState));
src\stm32f0xx_comp.c(297): warning:  #223-D: function "assert_param" declared implicitly
    assert_param(IS_COMP_ALL_PERIPH(COMP_Selection));
src\stm32f0xx_comp.c(342): warning:  #223-D: function "assert_param" declared implicitly
    assert_param(IS_FUNCTIONAL_STATE(NewState));
src\stm32f0xx_comp.c(387): warning:  #223-D: function "assert_param" declared implicitly
    assert_param(IS_COMP_ALL_PERIPH(COMP_Selection));
src\stm32f0xx_comp.c: 6 warnings, 0 errors
compiling stm32f0xx_crc.c...
src\stm32f0xx_crc.c(132): warning:  #223-D: function "assert_param" declared implicitly
    assert_param(IS_CRC_REVERSE_INPUT_DATA(CRC_ReverseInputData));
src\stm32f0xx_crc.c(156): warning:  #223-D: function "assert_param" declared implicitly
    assert_param(IS_FUNCTIONAL_STATE(NewState));
src\stm32f0xx_crc.c: 2 warnings, 0 errors
compiling stm32f0xx_dac.c...
src\stm32f0xx_dac.c(151): warning:  #223-D: function "RCC_APB1PeriphResetCmd" declared implicitly
    RCC_APB1PeriphResetCmd(RCC_APB1Periph_DAC, ENABLE);
src\stm32f0xx_dac.c(151): error:  #20: identifier "RCC_APB1Periph_DAC" is undefined
    RCC_APB1PeriphResetCmd(RCC_APB1Periph_DAC, ENABLE);
src\stm32f0xx_dac.c(172): warning:  #223-D: function "assert_param" declared implicitly
    assert_param(IS_DAC_CHANNEL(DAC_Channel));
src\stm32f0xx_dac.c(224): warning:  #223-D: function "assert_param" declared implicitly
    assert_param(IS_DAC_CHANNEL(DAC_Channel));
src\stm32f0xx_dac.c(251): warning:  #223-D: function "assert_param" declared implicitly
    assert_param(IS_DAC_CHANNEL(DAC_Channel));
src\stm32f0xx_dac.c(281): warning:  #223-D: function "assert_param" declared implicitly
    assert_param(IS_DAC_ALIGN(DAC_Align));
src\stm32f0xx_dac.c(303): warning:  #223-D: function "assert_param" declared implicitly
    assert_param(IS_DAC_CHANNEL(DAC_Channel));
src\stm32f0xx_dac.c(343): warning:  #223-D: function "assert_param" declared implicitly
    assert_param(IS_DAC_CHANNEL(DAC_Channel));
src\stm32f0xx_dac.c(391): warning:  #223-D: function "assert_param" declared implicitly
    assert_param(IS_DAC_CHANNEL(DAC_Channel));
src\stm32f0xx_dac.c(424): warning:  #223-D: function "assert_param" declared implicitly
    assert_param(IS_DAC_CHANNEL(DAC_Channel));
src\stm32f0xx_dac.c(455): warning:  #223-D: function "assert_param" declared implicitly
    assert_param(IS_DAC_CHANNEL(DAC_Channel));
src\stm32f0xx_dac.c(480): warning:  #223-D: function "assert_param" declared implicitly
    assert_param(IS_DAC_CHANNEL(DAC_Channel));
src\stm32f0xx_dac.c(514): warning:  #223-D: function "assert_param" declared implicitly
    assert_param(IS_DAC_CHANNEL(DAC_Channel));
src\stm32f0xx_dac.c: 12 warnings, 1 error
compiling stm32f0xx_dbgmcu.c...
src\stm32f0xx_dbgmcu.c(121): warning:  #223-D: function "assert_param" declared implicitly
    assert_param(IS_DBGMCU_PERIPH(DBGMCU_Periph));
src\stm32f0xx_dbgmcu.c(156): warning:  #223-D: function "assert_param" declared implicitly
    assert_param(IS_DBGMCU_APB1PERIPH(DBGMCU_Periph));
src\stm32f0xx_dbgmcu.c(184): warning:  #223-D: function "assert_param" declared implicitly
    assert_param(IS_DBGMCU_APB2PERIPH(DBGMCU_Periph));
src\stm32f0xx_dbgmcu.c: 3 warnings, 0 errors
compiling stm32f0xx_dma.c...
src\stm32f0xx_dma.c(129): warning:  #223-D: function "assert_param" declared implicitly
    assert_param(IS_DMA_ALL_PERIPH(DMAy_Channelx));
src\stm32f0xx_dma.c(190): warning:  #223-D: function "assert_param" declared implicitly
    assert_param(IS_DMA_ALL_PERIPH(DMAy_Channelx));
src\stm32f0xx_dma.c(282): warning:  #223-D: function "assert_param" declared implicitly
    assert_param(IS_DMA_ALL_PERIPH(DMAy_Channelx));
src\stm32f0xx_dma.c(341): warning:  #223-D: function "assert_param" declared implicitly
    assert_param(IS_DMA_ALL_PERIPH(DMAy_Channelx));
src\stm32f0xx_dma.c(359): warning:  #223-D: function "assert_param" declared implicitly
    assert_param(IS_DMA_ALL_PERIPH(DMAy_Channelx));
src\stm32f0xx_dma.c(434): warning:  #223-D: function "assert_param" declared implicitly
    assert_param(IS_DMA_ALL_PERIPH(DMAy_Channelx));
src\stm32f0xx_dma.c(488): warning:  #223-D: function "assert_param" declared implicitly
    assert_param(IS_DMA_GET_FLAG(DMA_FLAG));
src\stm32f0xx_dma.c(541): warning:  #223-D: function "assert_param" declared implicitly
    assert_param(IS_DMA_CLEAR_FLAG(DMA_FLAG));
src\stm32f0xx_dma.c(585): warning:  #223-D: function "assert_param" declared implicitly
    assert_param(IS_DMA_GET_IT(DMA_IT));
src\stm32f0xx_dma.c(638): warning:  #223-D: function "assert_param" declared implicitly
    assert_param(IS_DMA_CLEAR_IT(DMA_IT));
src\stm32f0xx_dma.c: 10 warnings, 0 errors
compiling stm32f0xx_exti.c...
src\stm32f0xx_exti.c(134): warning:  #223-D: function "assert_param" declared implicitly
    assert_param(IS_EXTI_MODE(EXTI_InitStruct->EXTI_Mode));
src\stm32f0xx_exti.c(203): warning:  #223-D: function "assert_param" declared implicitly
    assert_param(IS_EXTI_LINE(EXTI_Line));
src\stm32f0xx_exti.c(235): warning:  #223-D: function "assert_param" declared implicitly
    assert_param(IS_GET_EXTI_LINE(EXTI_Line));
src\stm32f0xx_exti.c(257): warning:  #223-D: function "assert_param" declared implicitly
    assert_param(IS_EXTI_LINE(EXTI_Line));
src\stm32f0xx_exti.c(274): warning:  #223-D: function "assert_param" declared implicitly
    assert_param(IS_GET_EXTI_LINE(EXTI_Line));
src\stm32f0xx_exti.c(298): warning:  #223-D: function "assert_param" declared implicitly
    assert_param(IS_EXTI_LINE(EXTI_Line));
src\stm32f0xx_exti.c: 6 warnings, 0 errors
compiling stm32f0xx_flash.c...
src\stm32f0xx_flash.c(140): warning:  #223-D: function "assert_param" declared implicitly
    assert_param(IS_FLASH_LATENCY(FLASH_Latency));
src\stm32f0xx_flash.c(162): warning:  #223-D: function "assert_param" declared implicitly
    assert_param(IS_FUNCTIONAL_STATE(NewState));
src\stm32f0xx_flash.c(270): warning:  #223-D: function "assert_param" declared implicitly
    assert_param(IS_FLASH_PROGRAM_ADDRESS(Page_Address));
src\stm32f0xx_flash.c(344): warning:  #223-D: function "assert_param" declared implicitly
    assert_param(IS_FLASH_PROGRAM_ADDRESS(Address));
src\stm32f0xx_flash.c(401): warning:  #223-D: function "assert_param" declared implicitly
    assert_param(IS_FLASH_PROGRAM_ADDRESS(Address));
src\stm32f0xx_flash.c(606): warning:  #223-D: function "assert_param" declared implicitly
    assert_param(IS_OB_WRP(OB_WRP));
src\stm32f0xx_flash.c(663): warning:  #223-D: function "assert_param" declared implicitly
    assert_param(IS_OB_RDP(OB_RDP));
src\stm32f0xx_flash.c(732): warning:  #223-D: function "assert_param" declared implicitly
    assert_param(IS_OB_IWDG_SOURCE(OB_IWDG));
src\stm32f0xx_flash.c(772): warning:  #223-D: function "assert_param" declared implicitly
    assert_param(IS_OB_BOOT1(OB_BOOT1));
src\stm32f0xx_flash.c(810): warning:  #223-D: function "assert_param" declared implicitly
    assert_param(IS_OB_VDDA_ANALOG(OB_VDDA_ANALOG));
src\stm32f0xx_flash.c(848): warning:  #223-D: function "assert_param" declared implicitly
    assert_param(IS_OB_SRAM_PARITY(OB_SRAM_Parity));
src\stm32f0xx_flash.c(935): warning:  #223-D: function "assert_param" declared implicitly
    assert_param(IS_OB_DATA_ADDRESS(Address));
src\stm32f0xx_flash.c(1027): warning:  #223-D: function "assert_param" declared implicitly
    assert_param(IS_FLASH_IT(FLASH_IT)); 
src\stm32f0xx_flash.c(1057): warning:  #223-D: function "assert_param" declared implicitly
    assert_param(IS_FLASH_GET_FLAG(FLASH_FLAG));
src\stm32f0xx_flash.c(1083): warning:  #223-D: function "assert_param" declared implicitly
    assert_param(IS_FLASH_CLEAR_FLAG(FLASH_FLAG));
src\stm32f0xx_flash.c: 15 warnings, 0 errors
compiling stm32f0xx_gpio.c...
src\stm32f0xx_gpio.c(120): warning:  #223-D: function "assert_param" declared implicitly
    assert_param(IS_GPIO_ALL_PERIPH(GPIOx));
src\stm32f0xx_gpio.c(167): warning:  #223-D: function "assert_param" declared implicitly
    assert_param(IS_GPIO_ALL_PERIPH(GPIOx));
src\stm32f0xx_gpio.c(243): warning:  #223-D: function "assert_param" declared implicitly
    assert_param(IS_GPIO_LIST_PERIPH(GPIOx));
src\stm32f0xx_gpio.c(288): warning:  #223-D: function "assert_param" declared implicitly
    assert_param(IS_GPIO_ALL_PERIPH(GPIOx));
src\stm32f0xx_gpio.c(310): warning:  #223-D: function "assert_param" declared implicitly
    assert_param(IS_GPIO_ALL_PERIPH(GPIOx));
src\stm32f0xx_gpio.c(328): warning:  #223-D: function "assert_param" declared implicitly
    assert_param(IS_GPIO_ALL_PERIPH(GPIOx));
src\stm32f0xx_gpio.c(350): warning:  #223-D: function "assert_param" declared implicitly
    assert_param(IS_GPIO_ALL_PERIPH(GPIOx));
src\stm32f0xx_gpio.c(366): warning:  #223-D: function "assert_param" declared implicitly
    assert_param(IS_GPIO_ALL_PERIPH(GPIOx));
src\stm32f0xx_gpio.c(383): warning:  #223-D: function "assert_param" declared implicitly
    assert_param(IS_GPIO_ALL_PERIPH(GPIOx));
src\stm32f0xx_gpio.c(404): warning:  #223-D: function "assert_param" declared implicitly
    assert_param(IS_GPIO_ALL_PERIPH(GPIOx));
src\stm32f0xx_gpio.c(428): warning:  #223-D: function "assert_param" declared implicitly
    assert_param(IS_GPIO_ALL_PERIPH(GPIOx));
src\stm32f0xx_gpio.c(478): warning:  #223-D: function "assert_param" declared implicitly
    assert_param(IS_GPIO_LIST_PERIPH(GPIOx));
src\stm32f0xx_gpio.c: 12 warnings, 0 errors
compiling stm32f0xx_i2c.c...
src\stm32f0xx_i2c.c(146): warning:  #223-D: function "assert_param" declared implicitly
    assert_param(IS_I2C_ALL_PERIPH(I2Cx));
src\stm32f0xx_i2c.c(177): warning:  #223-D: function "assert_param" declared implicitly
    assert_param(IS_I2C_ALL_PERIPH(I2Cx));
src\stm32f0xx_i2c.c(280): warning:  #223-D: function "assert_param" declared implicitly
    assert_param(IS_I2C_ALL_PERIPH(I2Cx));
src\stm32f0xx_i2c.c(304): warning:  #223-D: function "assert_param" declared implicitly
    assert_param(IS_I2C_ALL_PERIPH(I2Cx));
src\stm32f0xx_i2c.c(337): warning:  #223-D: function "assert_param" declared implicitly
    assert_param(IS_I2C_ALL_PERIPH(I2Cx));
src\stm32f0xx_i2c.c(363): warning:  #223-D: function "assert_param" declared implicitly
    assert_param(IS_I2C_ALL_PERIPH(I2Cx));
src\stm32f0xx_i2c.c(388): warning:  #223-D: function "assert_param" declared implicitly
    assert_param(IS_I2C_1_PERIPH(I2Cx));
src\stm32f0xx_i2c.c(413): warning:  #223-D: function "assert_param" declared implicitly
    assert_param(IS_I2C_ALL_PERIPH(I2Cx));
src\stm32f0xx_i2c.c(449): warning:  #223-D: function "assert_param" declared implicitly
    assert_param(IS_I2C_ALL_PERIPH(I2Cx));
src\stm32f0xx_i2c.c(477): warning:  #223-D: function "assert_param" declared implicitly
    assert_param(IS_I2C_ALL_PERIPH(I2Cx));
src\stm32f0xx_i2c.c(502): warning:  #223-D: function "assert_param" declared implicitly
    assert_param(IS_I2C_ALL_PERIPH(I2Cx));
src\stm32f0xx_i2c.c(529): warning:  #223-D: function "assert_param" declared implicitly
    assert_param(IS_I2C_ALL_PERIPH(I2Cx));
src\stm32f0xx_i2c.c(556): warning:  #223-D: function "assert_param" declared implicitly
    assert_param(IS_I2C_ALL_PERIPH(I2Cx));
src\stm32f0xx_i2c.c(621): warning:  #223-D: function "assert_param" declared implicitly
    assert_param(IS_I2C_ALL_PERIPH(I2Cx));
src\stm32f0xx_i2c.c(646): warning:  #223-D: function "assert_param" declared implicitly
    assert_param(IS_I2C_ALL_PERIPH(I2Cx));
src\stm32f0xx_i2c.c(672): warning:  #223-D: function "assert_param" declared implicitly
    assert_param(IS_I2C_ALL_PERIPH(I2Cx));
src\stm32f0xx_i2c.c(699): warning:  #223-D: function "assert_param" declared implicitly
    assert_param(IS_I2C_ALL_PERIPH(I2Cx));
src\stm32f0xx_i2c.c(725): warning:  #223-D: function "assert_param" declared implicitly
    assert_param(IS_I2C_ALL_PERIPH(I2Cx));
src\stm32f0xx_i2c.c(750): warning:  #223-D: function "assert_param" declared implicitly
    assert_param(IS_I2C_ALL_PERIPH(I2Cx));
src\stm32f0xx_i2c.c(777): warning:  #223-D: function "assert_param" declared implicitly
    assert_param(IS_I2C_ALL_PERIPH(I2Cx));
src\stm32f0xx_i2c.c(802): warning:  #223-D: function "assert_param" declared implicitly
    assert_param(IS_I2C_ALL_PERIPH(I2Cx));
src\stm32f0xx_i2c.c(825): warning:  #223-D: function "assert_param" declared implicitly
    assert_param(IS_I2C_ALL_PERIPH(I2Cx));
src\stm32f0xx_i2c.c(842): warning:  #223-D: function "assert_param" declared implicitly
    assert_param(IS_I2C_ALL_PERIPH(I2Cx));
src\stm32f0xx_i2c.c(885): warning:  #223-D: function "assert_param" declared implicitly
    assert_param(IS_I2C_ALL_PERIPH(I2Cx));
src\stm32f0xx_i2c.c(954): warning:  #223-D: function "assert_param" declared implicitly
    assert_param(IS_I2C_1_PERIPH(I2Cx));
src\stm32f0xx_i2c.c(979): warning:  #223-D: function "assert_param" declared implicitly
    assert_param(IS_I2C_1_PERIPH(I2Cx));
src\stm32f0xx_i2c.c(1004): warning:  #223-D: function "assert_param" declared implicitly
    assert_param(IS_I2C_1_PERIPH(I2Cx));
src\stm32f0xx_i2c.c(1030): warning:  #223-D: function "assert_param" declared implicitly
    assert_param(IS_I2C_1_PERIPH(I2Cx));
src\stm32f0xx_i2c.c(1057): warning:  #223-D: function "assert_param" declared implicitly
    assert_param(IS_I2C_1_PERIPH(I2Cx));
src\stm32f0xx_i2c.c(1084): warning:  #223-D: function "assert_param" declared implicitly
    assert_param(IS_I2C_1_PERIPH(I2Cx));
src\stm32f0xx_i2c.c(1110): warning:  #223-D: function "assert_param" declared implicitly
    assert_param(IS_I2C_1_PERIPH(I2Cx));
src\stm32f0xx_i2c.c(1135): warning:  #223-D: function "assert_param" declared implicitly
    assert_param(IS_I2C_1_PERIPH(I2Cx));
src\stm32f0xx_i2c.c(1158): warning:  #223-D: function "assert_param" declared implicitly
    assert_param(IS_I2C_1_PERIPH(I2Cx));
src\stm32f0xx_i2c.c(1206): warning:  #223-D: function "assert_param" declared implicitly
    assert_param(IS_I2C_ALL_PERIPH(I2Cx));
src\stm32f0xx_i2c.c(1247): warning:  #223-D: function "assert_param" declared implicitly
    assert_param(IS_I2C_ALL_PERIPH(I2Cx));
src\stm32f0xx_i2c.c(1261): warning:  #223-D: function "assert_param" declared implicitly
    assert_param(IS_I2C_ALL_PERIPH(I2Cx));
src\stm32f0xx_i2c.c(1304): warning:  #223-D: function "assert_param" declared implicitly
    assert_param(IS_I2C_ALL_PERIPH(I2Cx));
src\stm32f0xx_i2c.c(1427): warning:  #223-D: function "assert_param" declared implicitly
    assert_param(IS_I2C_ALL_PERIPH(I2Cx));
src\stm32f0xx_i2c.c(1468): warning:  #223-D: function "assert_param" declared implicitly
    assert_param(IS_I2C_ALL_PERIPH(I2Cx));
src\stm32f0xx_i2c.c(1501): warning:  #223-D: function "assert_param" declared implicitly
    assert_param(IS_I2C_ALL_PERIPH(I2Cx));
src\stm32f0xx_i2c.c(1542): warning:  #223-D: function "assert_param" declared implicitly
    assert_param(IS_I2C_ALL_PERIPH(I2Cx));
src\stm32f0xx_i2c.c: 41 warnings, 0 errors
compiling stm32f0xx_iwdg.c...
src\stm32f0xx_iwdg.c(148): warning:  #223-D: function "assert_param" declared implicitly
    assert_param(IS_IWDG_WRITE_ACCESS(IWDG_WriteAccess));
src\stm32f0xx_iwdg.c(168): warning:  #223-D: function "assert_param" declared implicitly
    assert_param(IS_IWDG_PRESCALER(IWDG_Prescaler));
src\stm32f0xx_iwdg.c(181): warning:  #223-D: function "assert_param" declared implicitly
    assert_param(IS_IWDG_RELOAD(Reload));
src\stm32f0xx_iwdg.c(205): warning:  #223-D: function "assert_param" declared implicitly
    assert_param(IS_IWDG_WINDOW_VALUE(WindowValue));
src\stm32f0xx_iwdg.c(264): warning:  #223-D: function "assert_param" declared implicitly
    assert_param(IS_IWDG_FLAG(IWDG_FLAG));
src\stm32f0xx_iwdg.c: 5 warnings, 0 errors
compiling stm32f0xx_misc.c...
src\stm32f0xx_misc.c(84): warning:  #223-D: function "assert_param" declared implicitly
    assert_param(IS_FUNCTIONAL_STATE(NVIC_InitStruct->NVIC_IRQChannelCmd));
src\stm32f0xx_misc.c(120): warning:  #223-D: function "assert_param" declared implicitly
    assert_param(IS_NVIC_LP(LowPowerMode));
src\stm32f0xx_misc.c(145): warning:  #223-D: function "assert_param" declared implicitly
    assert_param(IS_SYSTICK_CLK_SOURCE(SysTick_CLKSource));
src\stm32f0xx_misc.c: 3 warnings, 0 errors
compiling stm32f0xx_pwr.c...
src\stm32f0xx_pwr.c(104): warning:  #223-D: function "assert_param" declared implicitly
    assert_param(IS_FUNCTIONAL_STATE(NewState));
src\stm32f0xx_pwr.c(160): warning:  #223-D: function "assert_param" declared implicitly
    assert_param(IS_PWR_PVD_LEVEL(PWR_PVDLevel));
src\stm32f0xx_pwr.c(183): warning:  #223-D: function "assert_param" declared implicitly
    assert_param(IS_FUNCTIONAL_STATE(NewState));
src\stm32f0xx_pwr.c(228): warning:  #223-D: function "assert_param" declared implicitly
    assert_param(IS_PWR_WAKEUP_PIN(PWR_WakeUpPin));
src\stm32f0xx_pwr.c(361): warning:  #223-D: function "assert_param" declared implicitly
    assert_param(IS_PWR_SLEEP_ENTRY(PWR_SLEEPEntry));
src\stm32f0xx_pwr.c(403): warning:  #223-D: function "assert_param" declared implicitly
    assert_param(IS_PWR_REGULATOR(PWR_Regulator));
src\stm32f0xx_pwr.c(496): warning:  #223-D: function "assert_param" declared implicitly
    assert_param(IS_PWR_GET_FLAG(PWR_FLAG));
src\stm32f0xx_pwr.c(521): warning:  #223-D: function "assert_param" declared implicitly
    assert_param(IS_PWR_CLEAR_FLAG(PWR_FLAG));
src\stm32f0xx_pwr.c: 8 warnings, 0 errors
compiling stm32f0xx_rcc.c...
src\stm32f0xx_rcc.c(199): warning:  #223-D: function "assert_param" declared implicitly
    assert_param(IS_RCC_HSE(RCC_HSE));
src\stm32f0xx_rcc.c(261): warning:  #223-D: function "assert_param" declared implicitly
    assert_param(IS_RCC_HSI_CALIBRATION_VALUE(HSICalibrationValue));
src\stm32f0xx_rcc.c(293): warning:  #223-D: function "assert_param" declared implicitly
    assert_param(IS_FUNCTIONAL_STATE(NewState));
src\stm32f0xx_rcc.c(321): warning:  #223-D: function "assert_param" declared implicitly
    assert_param(IS_RCC_HSI14_CALIBRATION_VALUE(HSI14CalibrationValue));
src\stm32f0xx_rcc.c(350): warning:  #223-D: function "assert_param" declared implicitly
    assert_param(IS_FUNCTIONAL_STATE(NewState));
src\stm32f0xx_rcc.c(371): warning:  #223-D: function "assert_param" declared implicitly
    assert_param(IS_FUNCTIONAL_STATE(NewState));
src\stm32f0xx_rcc.c(403): warning:  #223-D: function "assert_param" declared implicitly
    assert_param(IS_RCC_LSE(RCC_LSE));
src\stm32f0xx_rcc.c(429): warning:  #223-D: function "assert_param" declared implicitly
    assert_param(IS_RCC_LSE_DRIVE(RCC_LSEDrive));
src\stm32f0xx_rcc.c(453): warning:  #223-D: function "assert_param" declared implicitly
    assert_param(IS_FUNCTIONAL_STATE(NewState));
src\stm32f0xx_rcc.c(484): warning:  #223-D: function "assert_param" declared implicitly
    assert_param(IS_RCC_PLL_SOURCE(RCC_PLLSource));
src\stm32f0xx_rcc.c(508): warning:  #223-D: function "assert_param" declared implicitly
    assert_param(IS_FUNCTIONAL_STATE(NewState));
src\stm32f0xx_rcc.c(532): warning:  #223-D: function "assert_param" declared implicitly
    assert_param(IS_RCC_PREDIV1(RCC_PREDIV1_Div));
src\stm32f0xx_rcc.c(557): warning:  #223-D: function "assert_param" declared implicitly
    assert_param(IS_FUNCTIONAL_STATE(NewState));
src\stm32f0xx_rcc.c(587): warning:  #223-D: function "assert_param" declared implicitly
    assert_param(IS_RCC_MCO_SOURCE(RCC_MCOSource));
src\stm32f0xx_rcc.c(694): warning:  #223-D: function "assert_param" declared implicitly
    assert_param(IS_RCC_SYSCLK_SOURCE(RCC_SYSCLKSource));
src\stm32f0xx_rcc.c(743): warning:  #223-D: function "assert_param" declared implicitly
    assert_param(IS_RCC_HCLK(RCC_SYSCLK));
src\stm32f0xx_rcc.c(774): warning:  #223-D: function "assert_param" declared implicitly
    assert_param(IS_RCC_PCLK(RCC_HCLK));
src\stm32f0xx_rcc.c(801): warning:  #223-D: function "assert_param" declared implicitly
    assert_param(IS_RCC_ADCCLK(RCC_ADCCLK));
src\stm32f0xx_rcc.c(826): warning:  #223-D: function "assert_param" declared implicitly
    assert_param(IS_RCC_CECCLK(RCC_CECCLK));
src\stm32f0xx_rcc.c(846): warning:  #223-D: function "assert_param" declared implicitly
    assert_param(IS_RCC_I2CCLK(RCC_I2CCLK));
src\stm32f0xx_rcc.c(868): warning:  #223-D: function "assert_param" declared implicitly
    assert_param(IS_RCC_USARTCLK(RCC_USARTCLK));
src\stm32f0xx_rcc.c(1089): warning:  #223-D: function "assert_param" declared implicitly
    assert_param(IS_RCC_RTCCLK_SOURCE(RCC_RTCCLKSource));
src\stm32f0xx_rcc.c(1106): warning:  #223-D: function "assert_param" declared implicitly
    assert_param(IS_FUNCTIONAL_STATE(NewState));
src\stm32f0xx_rcc.c(1129): warning:  #223-D: function "assert_param" declared implicitly
    assert_param(IS_FUNCTIONAL_STATE(NewState));
src\stm32f0xx_rcc.c(1165): warning:  #223-D: function "assert_param" declared implicitly
    assert_param(IS_RCC_AHB_PERIPH(RCC_AHBPeriph));
src\stm32f0xx_rcc.c(1201): warning:  #223-D: function "assert_param" declared implicitly
    assert_param(IS_RCC_APB2_PERIPH(RCC_APB2Periph));
src\stm32f0xx_rcc.c(1240): warning:  #223-D: function "assert_param" declared implicitly
    assert_param(IS_RCC_APB1_PERIPH(RCC_APB1Periph));
src\stm32f0xx_rcc.c(1270): warning:  #223-D: function "assert_param" declared implicitly
    assert_param(IS_RCC_AHB_RST_PERIPH(RCC_AHBPeriph));
src\stm32f0xx_rcc.c(1303): warning:  #223-D: function "assert_param" declared implicitly
    assert_param(IS_RCC_APB2_PERIPH(RCC_APB2Periph));
src\stm32f0xx_rcc.c(1339): warning:  #223-D: function "assert_param" declared implicitly
    assert_param(IS_RCC_APB1_PERIPH(RCC_APB1Periph));
src\stm32f0xx_rcc.c(1390): warning:  #223-D: function "assert_param" declared implicitly
    assert_param(IS_RCC_IT(RCC_IT));
src\stm32f0xx_rcc.c(1432): warning:  #223-D: function "assert_param" declared implicitly
    assert_param(IS_RCC_FLAG(RCC_FLAG));
src\stm32f0xx_rcc.c(1501): warning:  #223-D: function "assert_param" declared implicitly
    assert_param(IS_RCC_GET_IT(RCC_IT));
src\stm32f0xx_rcc.c(1532): warning:  #223-D: function "assert_param" declared implicitly
    assert_param(IS_RCC_CLEAR_IT(RCC_IT));
src\stm32f0xx_rcc.c: 34 warnings, 0 errors
compiling stm32f0xx_rtc.c...
src\stm32f0xx_rtc.c(375): warning:  #223-D: function "assert_param" declared implicitly
    assert_param(IS_RTC_HOUR_FORMAT(RTC_InitStruct->RTC_HourFormat));
src\stm32f0xx_rtc.c(441): warning:  #223-D: function "assert_param" declared implicitly
    assert_param(IS_FUNCTIONAL_STATE(NewState));
src\stm32f0xx_rtc.c(588): warning:  #223-D: function "assert_param" declared implicitly
    assert_param(IS_FUNCTIONAL_STATE(NewState));
src\stm32f0xx_rtc.c(634): warning:  #223-D: function "assert_param" declared implicitly
    assert_param(IS_FUNCTIONAL_STATE(NewState));
src\stm32f0xx_rtc.c(691): warning:  #223-D: function "assert_param" declared implicitly
    assert_param(IS_RTC_FORMAT(RTC_Format));
src\stm32f0xx_rtc.c(813): warning:  #223-D: function "assert_param" declared implicitly
    assert_param(IS_RTC_FORMAT(RTC_Format));
src\stm32f0xx_rtc.c(872): warning:  #223-D: function "assert_param" declared implicitly
    assert_param(IS_RTC_FORMAT(RTC_Format));
src\stm32f0xx_rtc.c(981): warning:  #223-D: function "assert_param" declared implicitly
    assert_param(IS_RTC_FORMAT(RTC_Format));
src\stm32f0xx_rtc.c(1041): warning:  #223-D: function "assert_param" declared implicitly
    assert_param(IS_RTC_FORMAT(RTC_Format));
src\stm32f0xx_rtc.c(1174): warning:  #223-D: function "assert_param" declared implicitly
    assert_param(IS_RTC_FORMAT(RTC_Format));
src\stm32f0xx_rtc.c(1222): warning:  #223-D: function "assert_param" declared implicitly
    assert_param(IS_RTC_CMD_ALARM(RTC_Alarm));
src\stm32f0xx_rtc.c(1313): warning:  #223-D: function "assert_param" declared implicitly
    assert_param(IS_RTC_ALARM(RTC_Alarm));
src\stm32f0xx_rtc.c(1385): warning:  #223-D: function "assert_param" declared implicitly
    assert_param(IS_RTC_DAYLIGHT_SAVING(RTC_DayLightSaving));
src\stm32f0xx_rtc.c(1448): warning:  #223-D: function "assert_param" declared implicitly
    assert_param(IS_RTC_OUTPUT(RTC_Output));
src\stm32f0xx_rtc.c(1491): warning:  #223-D: function "assert_param" declared implicitly
    assert_param(IS_FUNCTIONAL_STATE(NewState));
src\stm32f0xx_rtc.c(1523): warning:  #223-D: function "assert_param" declared implicitly
    assert_param(IS_RTC_CALIB_OUTPUT(RTC_CalibOutput));
src\stm32f0xx_rtc.c(1564): warning:  #223-D: function "assert_param" declared implicitly
    assert_param(IS_RTC_SMOOTH_CALIB_PERIOD(RTC_SmoothCalibPeriod));
src\stm32f0xx_rtc.c(1637): warning:  #223-D: function "assert_param" declared implicitly
    assert_param(IS_RTC_TIMESTAMP_EDGE(RTC_TimeStampEdge));
src\stm32f0xx_rtc.c(1682): warning:  #223-D: function "assert_param" declared implicitly
    assert_param(IS_RTC_FORMAT(RTC_Format));
src\stm32f0xx_rtc.c(1761): warning:  #223-D: function "assert_param" declared implicitly
    assert_param(IS_RTC_TAMPER(RTC_Tamper)); 
src\stm32f0xx_rtc.c(1790): warning:  #223-D: function "assert_param" declared implicitly
    assert_param(IS_RTC_TAMPER(RTC_Tamper));  
src\stm32f0xx_rtc.c(1821): warning:  #223-D: function "assert_param" declared implicitly
    assert_param(IS_RTC_TAMPER_FILTER(RTC_TamperFilter));
src\stm32f0xx_rtc.c(1855): warning:  #223-D: function "assert_param" declared implicitly
    assert_param(IS_RTC_TAMPER_SAMPLING_FREQ(RTC_TamperSamplingFreq));
src\stm32f0xx_rtc.c(1878): warning:  #223-D: function "assert_param" declared implicitly
    assert_param(IS_RTC_TAMPER_PRECHARGE_DURATION(RTC_TamperPrechargeDuration));
src\stm32f0xx_rtc.c(1898): warning:  #223-D: function "assert_param" declared implicitly
    assert_param(IS_FUNCTIONAL_STATE(NewState));
src\stm32f0xx_rtc.c(1921): warning:  #223-D: function "assert_param" declared implicitly
    assert_param(IS_FUNCTIONAL_STATE(NewState));
src\stm32f0xx_rtc.c(1964): warning:  #223-D: function "assert_param" declared implicitly
    assert_param(IS_RTC_BKP(RTC_BKP_DR));
src\stm32f0xx_rtc.c(1985): warning:  #223-D: function "assert_param" declared implicitly
    assert_param(IS_RTC_BKP(RTC_BKP_DR));
src\stm32f0xx_rtc.c(2023): warning:  #223-D: function "assert_param" declared implicitly
    assert_param(IS_RTC_OUTPUT_TYPE(RTC_OutputType));
src\stm32f0xx_rtc.c(2064): warning:  #223-D: function "assert_param" declared implicitly
    assert_param(IS_RTC_SHIFT_ADD1S(RTC_ShiftAdd1S));
src\stm32f0xx_rtc.c(2170): warning:  #223-D: function "assert_param" declared implicitly
    assert_param(IS_RTC_CONFIG_IT(RTC_IT));
src\stm32f0xx_rtc.c(2217): warning:  #223-D: function "assert_param" declared implicitly
    assert_param(IS_RTC_GET_FLAG(RTC_FLAG));
src\stm32f0xx_rtc.c(2250): warning:  #223-D: function "assert_param" declared implicitly
    assert_param(IS_RTC_CLEAR_FLAG(RTC_FLAG));
src\stm32f0xx_rtc.c(2273): warning:  #223-D: function "assert_param" declared implicitly
    assert_param(IS_RTC_GET_IT(RTC_IT));
src\stm32f0xx_rtc.c(2312): warning:  #223-D: function "assert_param" declared implicitly
    assert_param(IS_RTC_CLEAR_IT(RTC_IT));
src\stm32f0xx_rtc.c: 35 warnings, 0 errors
compiling stm32f0xx_spi.c...
src\stm32f0xx_spi.c(167): warning:  #223-D: function "assert_param" declared implicitly
    assert_param(IS_SPI_ALL_PERIPH(SPIx));
src\stm32f0xx_spi.c(229): warning:  #223-D: function "assert_param" declared implicitly
    assert_param(IS_SPI_ALL_PERIPH(SPIx));
src\stm32f0xx_spi.c(338): warning:  #223-D: function "assert_param" declared implicitly
    assert_param(IS_SPI_1_PERIPH(SPIx));
src\stm32f0xx_spi.c(436): warning:  #223-D: function "assert_param" declared implicitly
    assert_param(IS_SPI_ALL_PERIPH(SPIx));
src\stm32f0xx_spi.c(466): warning:  #223-D: function "assert_param" declared implicitly
    assert_param(IS_SPI_1_PERIPH(SPIx));
src\stm32f0xx_spi.c(491): warning:  #223-D: function "assert_param" declared implicitly
    assert_param(IS_SPI_1_PERIPH(SPIx));
src\stm32f0xx_spi.c(530): warning:  #223-D: function "assert_param" declared implicitly
    assert_param(IS_SPI_ALL_PERIPH(SPIx));
src\stm32f0xx_spi.c(555): warning:  #223-D: function "assert_param" declared implicitly
    assert_param(IS_SPI_ALL_PERIPH(SPIx));
src\stm32f0xx_spi.c(577): warning:  #223-D: function "assert_param" declared implicitly
    assert_param(IS_SPI_ALL_PERIPH(SPIx));
src\stm32f0xx_spi.c(605): warning:  #223-D: function "assert_param" declared implicitly
    assert_param(IS_SPI_ALL_PERIPH(SPIx));
src\stm32f0xx_spi.c(632): warning:  #223-D: function "assert_param" declared implicitly
    assert_param(IS_SPI_ALL_PERIPH(SPIx));
src\stm32f0xx_spi.c(661): warning:  #223-D: function "assert_param" declared implicitly
    assert_param(IS_SPI_ALL_PERIPH(SPIx));
src\stm32f0xx_spi.c(717): warning:  #223-D: function "assert_param" declared implicitly
    assert_param(IS_SPI_ALL_PERIPH(SPIx));
src\stm32f0xx_spi.c(735): warning:  #223-D: function "assert_param" declared implicitly
    assert_param(IS_SPI_ALL_PERIPH(SPIx));
src\stm32f0xx_spi.c(845): warning:  #223-D: function "assert_param" declared implicitly
    assert_param(IS_SPI_ALL_PERIPH(SPIx));
src\stm32f0xx_spi.c(867): warning:  #223-D: function "assert_param" declared implicitly
    assert_param(IS_SPI_ALL_PERIPH(SPIx));
src\stm32f0xx_spi.c(890): warning:  #223-D: function "assert_param" declared implicitly
    assert_param(IS_SPI_ALL_PERIPH(SPIx));
src\stm32f0xx_spi.c(909): warning:  #223-D: function "assert_param" declared implicitly
    assert_param(IS_SPI_ALL_PERIPH(SPIx));
src\stm32f0xx_spi.c(934): warning:  #223-D: function "assert_param" declared implicitly
    assert_param(IS_SPI_ALL_PERIPH(SPIx));
src\stm32f0xx_spi.c(972): warning:  #223-D: function "assert_param" declared implicitly
    assert_param(IS_SPI_ALL_PERIPH(SPIx));
src\stm32f0xx_spi.c(1009): warning:  #223-D: function "assert_param" declared implicitly
    assert_param(IS_SPI_ALL_PERIPH(SPIx));
src\stm32f0xx_spi.c(1116): warning:  #223-D: function "assert_param" declared implicitly
    assert_param(IS_SPI_ALL_PERIPH(SPIx));
src\stm32f0xx_spi.c(1189): warning:  #223-D: function "assert_param" declared implicitly
    assert_param(IS_SPI_ALL_PERIPH(SPIx));
src\stm32f0xx_spi.c(1223): warning:  #223-D: function "assert_param" declared implicitly
    assert_param(IS_SPI_ALL_PERIPH(SPIx));
src\stm32f0xx_spi.c(1250): warning:  #223-D: function "assert_param" declared implicitly
    assert_param(IS_SPI_ALL_PERIPH(SPIx));
src\stm32f0xx_spi.c: 25 warnings, 0 errors
compiling stm32f0xx_syscfg.c...
src\stm32f0xx_syscfg.c(119): warning:  #223-D: function "assert_param" declared implicitly
    assert_param(IS_SYSCFG_MEMORY_REMAP(SYSCFG_MemoryRemap));
src\stm32f0xx_syscfg.c(158): warning:  #223-D: function "assert_param" declared implicitly
    assert_param(IS_SYSCFG_DMA_REMAP(SYSCFG_DMARemap));
src\stm32f0xx_syscfg.c(190): warning:  #223-D: function "assert_param" declared implicitly
    assert_param(IS_SYSCFG_I2C_FMP(SYSCFG_I2CFastModePlus));
src\stm32f0xx_syscfg.c(218): warning:  #223-D: function "assert_param" declared implicitly
    assert_param(IS_EXTI_PORT_SOURCE(EXTI_PortSourceGPIOx));
src\stm32f0xx_syscfg.c(240): warning:  #223-D: function "assert_param" declared implicitly
    assert_param(IS_SYSCFG_LOCK_CONFIG(SYSCFG_Break));
src\stm32f0xx_syscfg.c(257): warning:  #223-D: function "assert_param" declared implicitly
    assert_param(IS_SYSCFG_FLAG(SYSCFG_Flag));
src\stm32f0xx_syscfg.c(284): warning:  #223-D: function "assert_param" declared implicitly
    assert_param(IS_SYSCFG_FLAG(SYSCFG_Flag));
src\stm32f0xx_syscfg.c: 7 warnings, 0 errors
compiling stm32f0xx_tim.c...
src\stm32f0xx_tim.c(194): warning:  #223-D: function "assert_param" declared implicitly
    assert_param(IS_TIM_ALL_PERIPH(TIMx)); 
src\stm32f0xx_tim.c(257): warning:  #223-D: function "assert_param" declared implicitly
    assert_param(IS_TIM_ALL_PERIPH(TIMx)); 
src\stm32f0xx_tim.c(325): warning:  #223-D: function "assert_param" declared implicitly
    assert_param(IS_TIM_ALL_PERIPH(TIMx));
src\stm32f0xx_tim.c(351): warning:  #223-D: function "assert_param" declared implicitly
    assert_param(IS_TIM_LIST3_PERIPH(TIMx));
src\stm32f0xx_tim.c(373): warning:  #223-D: function "assert_param" declared implicitly
     assert_param(IS_TIM_ALL_PERIPH(TIMx));
src\stm32f0xx_tim.c(388): warning:  #223-D: function "assert_param" declared implicitly
    assert_param(IS_TIM_ALL_PERIPH(TIMx));
src\stm32f0xx_tim.c(403): warning:  #223-D: function "assert_param" declared implicitly
    assert_param(IS_TIM_ALL_PERIPH(TIMx));
src\stm32f0xx_tim.c(418): warning:  #223-D: function "assert_param" declared implicitly
    assert_param(IS_TIM_ALL_PERIPH(TIMx));
src\stm32f0xx_tim.c(435): warning:  #223-D: function "assert_param" declared implicitly
    assert_param(IS_TIM_ALL_PERIPH(TIMx));
src\stm32f0xx_tim.c(465): warning:  #223-D: function "assert_param" declared implicitly
    assert_param(IS_TIM_ALL_PERIPH(TIMx));
src\stm32f0xx_tim.c(491): warning:  #223-D: function "assert_param" declared implicitly
    assert_param(IS_TIM_ALL_PERIPH(TIMx));
src\stm32f0xx_tim.c(519): warning:  #223-D: function "assert_param" declared implicitly
    assert_param(IS_TIM_ALL_PERIPH(TIMx));
src\stm32f0xx_tim.c(541): warning:  #223-D: function "assert_param" declared implicitly
    assert_param(IS_TIM_LIST4_PERIPH(TIMx));
src\stm32f0xx_tim.c(561): warning:  #223-D: function "assert_param" declared implicitly
    assert_param(IS_TIM_ALL_PERIPH(TIMx)); 
src\stm32f0xx_tim.c(619): warning:  #223-D: function "assert_param" declared implicitly
    assert_param(IS_TIM_LIST2_PERIPH(TIMx));
src\stm32f0xx_tim.c(662): warning:  #223-D: function "assert_param" declared implicitly
    assert_param(IS_TIM_LIST2_PERIPH(TIMx));
src\stm32f0xx_tim.c(736): warning:  #223-D: function "assert_param" declared implicitly
    assert_param(IS_TIM_LIST4_PERIPH(TIMx));
src\stm32f0xx_tim.c(818): warning:  #223-D: function "assert_param" declared implicitly
    assert_param(IS_TIM_LIST6_PERIPH(TIMx)); 
src\stm32f0xx_tim.c(901): warning:  #223-D: function "assert_param" declared implicitly
    assert_param(IS_TIM_LIST3_PERIPH(TIMx)); 
src\stm32f0xx_tim.c(981): warning:  #223-D: function "assert_param" declared implicitly
    assert_param(IS_TIM_LIST3_PERIPH(TIMx)); 
src\stm32f0xx_tim.c(1080): warning:  #223-D: function "assert_param" declared implicitly
    assert_param(IS_TIM_LIST4_PERIPH(TIMx));  
src\stm32f0xx_tim.c(1122): warning:  #223-D: function "assert_param" declared implicitly
    assert_param(IS_TIM_LIST4_PERIPH(TIMx));
src\stm32f0xx_tim.c(1137): warning:  #223-D: function "assert_param" declared implicitly
    assert_param(IS_TIM_LIST6_PERIPH(TIMx));
src\stm32f0xx_tim.c(1152): warning:  #223-D: function "assert_param" declared implicitly
    assert_param(IS_TIM_LIST3_PERIPH(TIMx));
src\stm32f0xx_tim.c(1167): warning:  #223-D: function "assert_param" declared implicitly
    assert_param(IS_TIM_LIST3_PERIPH(TIMx));
src\stm32f0xx_tim.c(1186): warning:  #223-D: function "assert_param" declared implicitly
    assert_param(IS_TIM_LIST4_PERIPH(TIMx));
src\stm32f0xx_tim.c(1212): warning:  #223-D: function "assert_param" declared implicitly
    assert_param(IS_TIM_LIST6_PERIPH(TIMx));
src\stm32f0xx_tim.c(1238): warning:  #223-D: function "assert_param" declared implicitly
    assert_param(IS_TIM_LIST3_PERIPH(TIMx));
src\stm32f0xx_tim.c(1263): warning:  #223-D: function "assert_param" declared implicitly
    assert_param(IS_TIM_LIST3_PERIPH(TIMx));
src\stm32f0xx_tim.c(1286): warning:  #223-D: function "assert_param" declared implicitly
    assert_param(IS_TIM_LIST6_PERIPH(TIMx));
src\stm32f0xx_tim.c(1314): warning:  #223-D: function "assert_param" declared implicitly
    assert_param(IS_TIM_LIST4_PERIPH(TIMx));
src\stm32f0xx_tim.c(1339): warning:  #223-D: function "assert_param" declared implicitly
    assert_param(IS_TIM_LIST6_PERIPH(TIMx));
src\stm32f0xx_tim.c(1365): warning:  #223-D: function "assert_param" declared implicitly
    assert_param(IS_TIM_LIST3_PERIPH(TIMx));
src\stm32f0xx_tim.c(1391): warning:  #223-D: function "assert_param" declared implicitly
    assert_param(IS_TIM_LIST3_PERIPH(TIMx));
src\stm32f0xx_tim.c(1417): warning:  #223-D: function "assert_param" declared implicitly
    assert_param(IS_TIM_LIST4_PERIPH(TIMx));
src\stm32f0xx_tim.c(1444): warning:  #223-D: function "assert_param" declared implicitly
    assert_param(IS_TIM_LIST6_PERIPH(TIMx));
src\stm32f0xx_tim.c(1471): warning:  #223-D: function "assert_param" declared implicitly
    assert_param(IS_TIM_LIST3_PERIPH(TIMx));
src\stm32f0xx_tim.c(1498): warning:  #223-D: function "assert_param" declared implicitly
    assert_param(IS_TIM_LIST3_PERIPH(TIMx));
src\stm32f0xx_tim.c(1525): warning:  #223-D: function "assert_param" declared implicitly
    assert_param(IS_TIM_LIST4_PERIPH(TIMx));
src\stm32f0xx_tim.c(1552): warning:  #223-D: function "assert_param" declared implicitly
    assert_param(IS_TIM_LIST6_PERIPH(TIMx));
src\stm32f0xx_tim.c(1578): warning:  #223-D: function "assert_param" declared implicitly
    assert_param(IS_TIM_LIST3_PERIPH(TIMx));
src\stm32f0xx_tim.c(1604): warning:  #223-D: function "assert_param" declared implicitly
    assert_param(IS_TIM_LIST3_PERIPH(TIMx));
src\stm32f0xx_tim.c(1630): warning:  #223-D: function "assert_param" declared implicitly
    assert_param(IS_TIM_LIST4_PERIPH(TIMx));
src\stm32f0xx_tim.c(1654): warning:  #223-D: function "assert_param" declared implicitly
    assert_param(IS_TIM_LIST2_PERIPH(TIMx));
src\stm32f0xx_tim.c(1679): warning:  #223-D: function "assert_param" declared implicitly
    assert_param(IS_TIM_LIST6_PERIPH(TIMx));
src\stm32f0xx_tim.c(1703): warning:  #223-D: function "assert_param" declared implicitly
    assert_param(IS_TIM_LIST1_PERIPH(TIMx));
src\stm32f0xx_tim.c(1728): warning:  #223-D: function "assert_param" declared implicitly
    assert_param(IS_TIM_LIST3_PERIPH(TIMx));
src\stm32f0xx_tim.c(1753): warning:  #223-D: function "assert_param" declared implicitly
    assert_param(IS_TIM_LIST1_PERIPH(TIMx));
src\stm32f0xx_tim.c(1779): warning:  #223-D: function "assert_param" declared implicitly
    assert_param(IS_TIM_LIST3_PERIPH(TIMx));
src\stm32f0xx_tim.c(1802): warning:  #223-D: function "assert_param" declared implicitly
    assert_param(IS_TIM_LIST3_PERIPH(TIMx));
src\stm32f0xx_tim.c(1828): warning:  #223-D: function "assert_param" declared implicitly
    assert_param(IS_TIM_LIST4_PERIPH(TIMx)); 
src\stm32f0xx_tim.c(1857): warning:  #223-D: function "assert_param" declared implicitly
    assert_param(IS_TIM_LIST2_PERIPH(TIMx));
src\stm32f0xx_tim.c(1880): warning:  #223-D: function "assert_param" declared implicitly
    assert_param(IS_TIM_LIST2_PERIPH(TIMx));
src\stm32f0xx_tim.c(1956): warning:  #223-D: function "assert_param" declared implicitly
    assert_param(IS_TIM_LIST4_PERIPH(TIMx));
src\stm32f0xx_tim.c(2035): warning:  #223-D: function "assert_param" declared implicitly
    assert_param(IS_TIM_LIST6_PERIPH(TIMx));
src\stm32f0xx_tim.c(2088): warning:  #223-D: function "assert_param" declared implicitly
    assert_param(IS_TIM_LIST4_PERIPH(TIMx));
src\stm32f0xx_tim.c(2102): warning:  #223-D: function "assert_param" declared implicitly
    assert_param(IS_TIM_LIST6_PERIPH(TIMx));
src\stm32f0xx_tim.c(2116): warning:  #223-D: function "assert_param" declared implicitly
    assert_param(IS_TIM_LIST3_PERIPH(TIMx)); 
src\stm32f0xx_tim.c(2130): warning:  #223-D: function "assert_param" declared implicitly
    assert_param(IS_TIM_LIST3_PERIPH(TIMx));
src\stm32f0xx_tim.c(2150): warning:  #223-D: function "assert_param" declared implicitly
    assert_param(IS_TIM_LIST4_PERIPH(TIMx));
src\stm32f0xx_tim.c(2173): warning:  #223-D: function "assert_param" declared implicitly
    assert_param(IS_TIM_LIST6_PERIPH(TIMx));
src\stm32f0xx_tim.c(2196): warning:  #223-D: function "assert_param" declared implicitly
    assert_param(IS_TIM_LIST3_PERIPH(TIMx));
src\stm32f0xx_tim.c(2219): warning:  #223-D: function "assert_param" declared implicitly
    assert_param(IS_TIM_LIST3_PERIPH(TIMx));
src\stm32f0xx_tim.c(2271): warning:  #223-D: function "assert_param" declared implicitly
    assert_param(IS_TIM_ALL_PERIPH(TIMx));
src\stm32f0xx_tim.c(2311): warning:  #223-D: function "assert_param" declared implicitly
    assert_param(IS_TIM_ALL_PERIPH(TIMx));
src\stm32f0xx_tim.c(2348): warning:  #223-D: function "assert_param" declared implicitly
    assert_param(IS_TIM_ALL_PERIPH(TIMx));
src\stm32f0xx_tim.c(2391): warning:  #223-D: function "assert_param" declared implicitly
    assert_param(IS_TIM_ALL_PERIPH(TIMx));
src\stm32f0xx_tim.c(2425): warning:  #223-D: function "assert_param" declared implicitly
    assert_param(IS_TIM_ALL_PERIPH(TIMx));
src\stm32f0xx_tim.c(2466): warning:  #223-D: function "assert_param" declared implicitly
    assert_param(IS_TIM_ALL_PERIPH(TIMx));
src\stm32f0xx_tim.c(2492): warning:  #223-D: function "assert_param" declared implicitly
    assert_param(IS_TIM_LIST4_PERIPH(TIMx));
src\stm32f0xx_tim.c(2518): warning:  #223-D: function "assert_param" declared implicitly
    assert_param(IS_TIM_LIST10_PERIPH(TIMx));
src\stm32f0xx_tim.c(2544): warning:  #223-D: function "assert_param" declared implicitly
    assert_param(IS_TIM_LIST5_PERIPH(TIMx));
src\stm32f0xx_tim.c(2583): warning:  #223-D: function "assert_param" declared implicitly
    assert_param(IS_TIM_LIST6_PERIPH(TIMx));
src\stm32f0xx_tim.c(2602): warning:  #223-D: function "assert_param" declared implicitly
    assert_param(IS_TIM_LIST6_PERIPH(TIMx));
src\stm32f0xx_tim.c(2630): warning:  #223-D: function "assert_param" declared implicitly
    assert_param(IS_TIM_LIST6_PERIPH(TIMx));
src\stm32f0xx_tim.c(2672): warning:  #223-D: function "assert_param" declared implicitly
    assert_param(IS_TIM_LIST3_PERIPH(TIMx));
src\stm32f0xx_tim.c(2714): warning:  #223-D: function "assert_param" declared implicitly
    assert_param(IS_TIM_LIST3_PERIPH(TIMx));
src\stm32f0xx_tim.c(2780): warning:  #223-D: function "assert_param" declared implicitly
    assert_param(IS_TIM_LIST6_PERIPH(TIMx)); 
src\stm32f0xx_tim.c(2817): warning:  #223-D: function "assert_param" declared implicitly
    assert_param(IS_TIM_LIST9_PERIPH(TIMx));
src\stm32f0xx_tim.c(2841): warning:  #223-D: function "assert_param" declared implicitly
    assert_param(IS_TIM_LIST6_PERIPH(TIMx)); 
src\stm32f0xx_tim.c(2863): warning:  #223-D: function "assert_param" declared implicitly
    assert_param(IS_TIM_LIST6_PERIPH(TIMx));
src\stm32f0xx_tim.c(2896): warning:  #223-D: function "assert_param" declared implicitly
    assert_param(IS_TIM_LIST3_PERIPH(TIMx));
src\stm32f0xx_tim.c(2953): warning:  #223-D: function "assert_param" declared implicitly
    assert_param(IS_TIM_LIST3_PERIPH(TIMx));
src\stm32f0xx_tim.c(2992): warning:  #223-D: function "assert_param" declared implicitly
    assert_param(IS_TIM_LIST3_PERIPH(TIMx));
src\stm32f0xx_tim.c(3038): warning:  #223-D: function "assert_param" declared implicitly
    assert_param(IS_TIM_LIST11_PERIPH(TIMx));
src\stm32f0xx_tim.c: 85 warnings, 0 errors
compiling stm32f0xx_usart.c...
src\stm32f0xx_usart.c(175): warning:  #223-D: function "assert_param" declared implicitly
    assert_param(IS_USART_ALL_PERIPH(USARTx));
src\stm32f0xx_usart.c(208): warning:  #223-D: function "assert_param" declared implicitly
    assert_param(IS_USART_ALL_PERIPH(USARTx));
src\stm32f0xx_usart.c(330): warning:  #223-D: function "assert_param" declared implicitly
    assert_param(IS_USART_ALL_PERIPH(USARTx));
src\stm32f0xx_usart.c(375): warning:  #223-D: function "assert_param" declared implicitly
    assert_param(IS_USART_ALL_PERIPH(USARTx));
src\stm32f0xx_usart.c(404): warning:  #223-D: function "assert_param" declared implicitly
    assert_param(IS_USART_ALL_PERIPH(USARTx));
src\stm32f0xx_usart.c(435): warning:  #223-D: function "assert_param" declared implicitly
    assert_param(IS_USART_ALL_PERIPH(USARTx));
src\stm32f0xx_usart.c(462): warning:  #223-D: function "assert_param" declared implicitly
    assert_param(IS_USART_ALL_PERIPH(USARTx));
src\stm32f0xx_usart.c(491): warning:  #223-D: function "assert_param" declared implicitly
    assert_param(IS_USART_ALL_PERIPH(USARTx));
src\stm32f0xx_usart.c(524): warning:  #223-D: function "assert_param" declared implicitly
    assert_param(IS_USART_ALL_PERIPH(USARTx));
src\stm32f0xx_usart.c(559): warning:  #223-D: function "assert_param" declared implicitly
    assert_param(IS_USART_ALL_PERIPH(USARTx));
src\stm32f0xx_usart.c(591): warning:  #223-D: function "assert_param" declared implicitly
    assert_param(IS_USART_ALL_PERIPH(USARTx));
src\stm32f0xx_usart.c(616): warning:  #223-D: function "assert_param" declared implicitly
    assert_param(IS_USART_1_PERIPH(USARTx));
src\stm32f0xx_usart.c(642): warning:  #223-D: function "assert_param" declared implicitly
    assert_param(IS_USART_1_PERIPH(USARTx));
src\stm32f0xx_usart.c(664): warning:  #223-D: function "assert_param" declared implicitly
    assert_param(IS_USART_1_PERIPH(USARTx));
src\stm32f0xx_usart.c(712): warning:  #223-D: function "assert_param" declared implicitly
    assert_param(IS_USART_1_PERIPH(USARTx));
src\stm32f0xx_usart.c(744): warning:  #223-D: function "assert_param" declared implicitly
    assert_param(IS_USART_1_PERIPH(USARTx));
src\stm32f0xx_usart.c(794): warning:  #223-D: function "assert_param" declared implicitly
    assert_param(IS_USART_1_PERIPH(USARTx));
src\stm32f0xx_usart.c(825): warning:  #223-D: function "assert_param" declared implicitly
    assert_param(IS_USART_1_PERIPH(USARTx));
src\stm32f0xx_usart.c(840): warning:  #223-D: function "assert_param" declared implicitly
    assert_param(IS_USART_ALL_PERIPH(USARTx));
src\stm32f0xx_usart.c(880): warning:  #223-D: function "assert_param" declared implicitly
    assert_param(IS_USART_ALL_PERIPH(USARTx));
src\stm32f0xx_usart.c(895): warning:  #223-D: function "assert_param" declared implicitly
    assert_param(IS_USART_ALL_PERIPH(USARTx));
src\stm32f0xx_usart.c(944): warning:  #223-D: function "assert_param" declared implicitly
    assert_param(IS_USART_ALL_PERIPH(USARTx));
src\stm32f0xx_usart.c(962): warning:  #223-D: function "assert_param" declared implicitly
    assert_param(IS_USART_ALL_PERIPH(USARTx));
src\stm32f0xx_usart.c(989): warning:  #223-D: function "assert_param" declared implicitly
    assert_param(IS_USART_ALL_PERIPH(USARTx));
src\stm32f0xx_usart.c(1008): warning:  #223-D: function "assert_param" declared implicitly
    assert_param(IS_USART_ALL_PERIPH(USARTx));
src\stm32f0xx_usart.c(1071): warning:  #223-D: function "assert_param" declared implicitly
    assert_param(IS_USART_1_PERIPH(USARTx));
src\stm32f0xx_usart.c(1088): warning:  #223-D: function "assert_param" declared implicitly
    assert_param(IS_USART_1_PERIPH(USARTx));
src\stm32f0xx_usart.c(1144): warning:  #223-D: function "assert_param" declared implicitly
    assert_param(IS_USART_ALL_PERIPH(USARTx));
src\stm32f0xx_usart.c(1224): warning:  #223-D: function "assert_param" declared implicitly
    assert_param(IS_USART_1_PERIPH(USARTx));
src\stm32f0xx_usart.c(1242): warning:  #223-D: function "assert_param" declared implicitly
    assert_param(IS_USART_1_PERIPH(USARTx));
src\stm32f0xx_usart.c(1266): warning:  #223-D: function "assert_param" declared implicitly
    assert_param(IS_USART_1_PERIPH(USARTx)); 
src\stm32f0xx_usart.c(1289): warning:  #223-D: function "assert_param" declared implicitly
    assert_param(IS_USART_1_PERIPH(USARTx));
src\stm32f0xx_usart.c(1306): warning:  #223-D: function "assert_param" declared implicitly
    assert_param(IS_USART_1_PERIPH(USARTx));
src\stm32f0xx_usart.c(1368): warning:  #223-D: function "assert_param" declared implicitly
    assert_param(IS_USART_1_PERIPH(USARTx));
src\stm32f0xx_usart.c(1385): warning:  #223-D: function "assert_param" declared implicitly
    assert_param(IS_USART_1_PERIPH(USARTx));
src\stm32f0xx_usart.c(1442): warning:  #223-D: function "assert_param" declared implicitly
    assert_param(IS_USART_ALL_PERIPH(USARTx));
src\stm32f0xx_usart.c(1468): warning:  #223-D: function "assert_param" declared implicitly
    assert_param(IS_USART_ALL_PERIPH(USARTx));
src\stm32f0xx_usart.c(1485): warning:  #223-D: function "assert_param" declared implicitly
    assert_param(IS_USART_ALL_PERIPH(USARTx));
src\stm32f0xx_usart.c(1504): warning:  #223-D: function "assert_param" declared implicitly
    assert_param(IS_USART_ALL_PERIPH(USARTx));
src\stm32f0xx_usart.c(1550): warning:  #223-D: function "assert_param" declared implicitly
    assert_param(IS_USART_ALL_PERIPH(USARTx));
src\stm32f0xx_usart.c(1582): warning:  #223-D: function "assert_param" declared implicitly
    assert_param(IS_USART_ALL_PERIPH(USARTx));
src\stm32f0xx_usart.c(1716): warning:  #223-D: function "assert_param" declared implicitly
    assert_param(IS_USART_ALL_PERIPH(USARTx));
src\stm32f0xx_usart.c(1767): warning:  #223-D: function "assert_param" declared implicitly
    assert_param(IS_USART_ALL_PERIPH(USARTx));
src\stm32f0xx_usart.c(1799): warning:  #223-D: function "assert_param" declared implicitly
    assert_param(IS_USART_ALL_PERIPH(USARTx));
src\stm32f0xx_usart.c(1841): warning:  #223-D: function "assert_param" declared implicitly
    assert_param(IS_USART_ALL_PERIPH(USARTx));
src\stm32f0xx_usart.c(1888): warning:  #223-D: function "assert_param" declared implicitly
    assert_param(IS_USART_ALL_PERIPH(USARTx));
src\stm32f0xx_usart.c(1920): warning:  #223-D: function "assert_param" declared implicitly
    assert_param(IS_USART_ALL_PERIPH(USARTx));
src\stm32f0xx_usart.c(1990): warning:  #223-D: function "assert_param" declared implicitly
    assert_param(IS_USART_ALL_PERIPH(USARTx));
src\stm32f0xx_usart.c: 48 warnings, 0 errors
compiling stm32f0xx_wwdg.c...
src\stm32f0xx_wwdg.c(152): warning:  #223-D: function "assert_param" declared implicitly
    assert_param(IS_WWDG_PRESCALER(WWDG_Prescaler));
src\stm32f0xx_wwdg.c(172): warning:  #223-D: function "assert_param" declared implicitly
    assert_param(IS_WWDG_WINDOW_VALUE(WindowValue));
src\stm32f0xx_wwdg.c(205): warning:  #223-D: function "assert_param" declared implicitly
    assert_param(IS_WWDG_COUNTER(Counter));
src\stm32f0xx_wwdg.c(237): warning:  #223-D: function "assert_param" declared implicitly
    assert_param(IS_WWDG_COUNTER(Counter));
src\stm32f0xx_wwdg.c: 4 warnings, 0 errors
compiling main.c...
".\debug\NFC.axf" - 1 Error(s), 398 Warning(s).
Target not created
